C:\Users\evilTigronok\LT2\client\src\main\java\game\ui\register\CharacterStep.java
C:\Users\evilTigronok\LT2\client\src\main\java\game\ui\RPGApplication.java
C:\Users\evilTigronok\LT2\client\src\main\java\game\ui\LoginScene.java
C:\Users\evilTigronok\LT2\client\src\main\java\game\client\NetworkClient.java
C:\Users\evilTigronok\LT2\client\src\main\java\game\ui\register\RegistrationSession.java
C:\Users\evilTigronok\LT2\client\src\main\java\game\ui\SceneType.java
C:\Users\evilTigronok\LT2\client\src\main\java\game\ui\register\RegisterStepController.java
C:\Users\evilTigronok\LT2\client\src\main\java\game\ui\register\LoginPasswordStep.java
C:\Users\evilTigronok\LT2\client\src\main\java\game\ui\register\ConfirmStep.java
C:\Users\evilTigronok\LT2\client\src\main\java\game\ui\register\RegisterScene.java
C:\Users\evilTigronok\LT2\client\src\main\java\game\ui\CombatScene.java
C:\Users\evilTigronok\LT2\client\src\main\java\game\client\Config.java
C:\Users\evilTigronok\LT2\client\src\main\java\game\ui\panels\CharacterPanel.java
C:\Users\evilTigronok\LT2\client\src\main\java\game\ui\register\TokenScene.java
C:\Users\evilTigronok\LT2\client\src\main\java\game\ui\SceneManager.java
C:\Users\evilTigronok\LT2\client\src\main\java\game\ui\CharacterScene.java
C:\Users\evilTigronok\LT2\client\src\main\java\game\ui\WorldScene.java
C:\Users\evilTigronok\LT2\client\src\main\java\game\ui\register\RoleSelectScene.java
C:\Users\evilTigronok\LT2\client\src\main\java\game\ui\register\AgreementStep.java
C:\Users\evilTigronok\LT2\client\src\main\java\game\ui\register\StarterItemStep.java
C:\Users\evilTigronok\LT2\client\src\main\java\game\client\ClientMain.java
